Resource Report
Microsemi Corporation - Microsemi Libero Software Release v12.4 (Version 12.900.0.16)
Date: Mon May  4 18:58:14 2020

Device Selection
+--------------------------------+----------------+
| Family                         | SmartFusion2   |
| Device                         | M2S010         |
| Package                        | 144 TQ         |
| Speed Grade                    | STD            |
| Temp                           | 0:25:85        |
| Voltage                        | 1.26:1.20:1.14 |
| Core Voltage                   | 1.2V           |
| Ramp Rate                      | 100ms Minimum  |
| System Controller Suspend Mode | No             |
| PLL Supply Voltage             | 2.5V           |
| Default I/O technology         | LVCMOS 2.5V    |
| Restrict Probe Pins            | No             |
| Restrict SPI Pins              | No             |
+--------------------------------+----------------+

Source Files
+---------+---------------------------------------------------------+
| Topcell | FIFO_CDC                                                |
| Format  | Verilog                                                 |
| Source  | E:\Github_Repos\FIFO_CDC\FIFO_CDC\synthesis\FIFO_CDC.vm |
+---------+---------------------------------------------------------+

Options
+----------------------------------------------------+-------+
| Enable Single Event Transient mitigation           | false |
| Enable Design Separation Methodology               | false |
| Limit the number of high fanout nets to display to | 10    |
+----------------------------------------------------+-------+

Resource Usage
+---------------------------+------+-------+------------+
| Type                      | Used | Total | Percentage |
+---------------------------+------+-------+------------+
| 4LUT                      | 215  | 12084 | 1.78       |
| DFF                       | 231  | 12084 | 1.91       |
| I/O Register              | 0    | 252   | 0.00       |
| User I/O                  | 51   | 84    | 60.71      |
| -- Single-ended I/O       | 51   | 84    | 60.71      |
| -- Differential I/O Pairs | 0    | 37    | 0.00       |
| RAM64x18                  | 0    | 22    | 0.00       |
| RAM1K18                   | 1    | 21    | 4.76       |
| MACC                      | 0    | 22    | 0.00       |
| Chip Globals              | 3    | 8     | 37.50      |
| CCC                       | 0    | 2     | 0.00       |
| RCOSC_25_50MHZ            | 0    | 1     | 0.00       |
| RCOSC_1MHZ                | 0    | 1     | 0.00       |
| XTLOSC                    | 0    | 1     | 0.00       |
| MSS                       | 0    | 1     | 0.00       |
+---------------------------+------+-------+------------+

Detailed Logic Resource Usage
+--------------------------+------+-----+
| Type                     | 4LUT | DFF |
+--------------------------+------+-----+
| Fabric Logic             | 179  | 195 |
| RAM64x18 Interface Logic | 0    | 0   |
| RAM1K18 Interface Logic  | 36   | 36  |
| MACC Interface Logic     | 0    | 0   |
| Total Used               | 215  | 231 |
+--------------------------+------+-----+

Detailed Carry Chains Resource Usage
+--------+------+
| Length | Used |
| 12     | 2    |
| Total  | 2    |
+--------+------+

I/O Function
+-------------------------------+--------------+-------------+-----------------+
| Type                          | w/o register | w/ register | w/ DDR register |
+-------------------------------+--------------+-------------+-----------------+
| Input I/O                     | 16           | 0           | 0               |
| Output I/O                    | 35           | 0           | 0               |
| Bidirectional I/O             | 0            | 0           | 0               |
| Differential Input I/O Pairs  | 0            | 0           | 0               |
| Differential Output I/O Pairs | 0            | 0           | 0               |
+-------------------------------+--------------+-------------+-----------------+

I/O Technology
+--------------+--------+------+-------+--------+---------------+
| I/O Standard | Vddi   | Vref | Input | Output | Bidirectional |
+--------------+--------+------+-------+--------+---------------+
| LVCMOS25     |  2.50v |  N/A |  16   |  35    |  0            |
+--------------+--------+------+-------+--------+---------------+

I/O Placement
+----------+-------+------------+
| Type     | Count | Percentage |
+----------+-------+------------+
| Locked   |  0    | 0.00%      |
| Placed   |  0    | 0.00%      |
| UnPlaced |  51   | 100.00%    |
+----------+-------+------------+

Nets assigned to chip global resources
+--------+---------+------------------------------------+
| Fanout | Type    | Name                               |
+--------+---------+------------------------------------+
| 195    | INT_NET | Net   : RSTn_ibuf_RNICUT3_Z        |
|        |         | Driver: RSTn_ibuf_RNICUT3/U0_RGB1  |
|        |         | Source: NETLIST                    |
| 108    | INT_NET | Net   : W_CLK_c                    |
|        |         | Driver: W_CLK_ibuf_RNIL7HE/U0_RGB1 |
|        |         | Source: NETLIST                    |
| 89     | INT_NET | Net   : R_CLK_c                    |
|        |         | Driver: R_CLK_ibuf_RNIGQR4/U0_RGB1 |
|        |         | Source: NETLIST                    |
+--------+---------+------------------------------------+

Nets assigned to row global resources
+--------+------+------+
| Fanout | Type | Name |
+--------+------+------+
+--------+------+------+

High fanout nets
+--------+---------+----------------------------------------------------------------+
| Fanout | Type    | Name                                                           |
+--------+---------+----------------------------------------------------------------+
| 58     | INT_NET | Net   : SLVDOM_ON_Z[0]                                         |
|        |         | Driver: SLVDOM_ON[0]                                           |
| 56     | INT_NET | Net   : FIFO_ON_ibuf_Z                                         |
|        |         | Driver: FIFO_ON_ibuf                                           |
| 22     | INT_NET | Net   : Gray_Code_Counter_R.R_adr_gray_0_0_sqmuxa_1_d_i        |
|        |         | Driver: Gray_Code_Counter_R/p_R_logic_s.un9_r_adr_gray_RNID6FS |
| 18     | INT_NET | Net   : strtup_cnt_r_Z[1]                                      |
|        |         | Driver: strtup_cnt_r[1]                                        |
| 18     | INT_NET | Net   : strtup_cnt_w_Z[1]                                      |
|        |         | Driver: strtup_cnt_w[1]                                        |
| 16     | INT_NET | Net   : strtup_cnt_w_Z[0]                                      |
|        |         | Driver: strtup_cnt_w[0]                                        |
| 11     | INT_NET | Net   : w_wen6                                                 |
|        |         | Driver: p_W_logic_c.un25_w_adr_gray_NE                         |
| 11     | INT_NET | Net   : R_EN_ibuf_RNIDFVT_0_Z                                  |
|        |         | Driver: R_EN_ibuf_RNIDFVT_0                                    |
| 11     | INT_NET | Net   : R_EN_ibuf_RNIDFVT_Z                                    |
|        |         | Driver: R_EN_ibuf_RNIDFVT                                      |
| 11     | INT_NET | Net   : i6_mux_i                                               |
|        |         | Driver: strtup_cnt_w_RNIPQO01[2]                               |
+--------+---------+----------------------------------------------------------------+

High fanout nets (through buffer trees)
+--------+---------+----------------------------------------------------------------+
| Fanout | Type    | Name                                                           |
+--------+---------+----------------------------------------------------------------+
| 58     | INT_NET | Net   : SLVDOM_ON_Z[0]                                         |
|        |         | Driver: SLVDOM_ON[0]                                           |
| 56     | INT_NET | Net   : FIFO_ON_ibuf_Z                                         |
|        |         | Driver: FIFO_ON_ibuf                                           |
| 22     | INT_NET | Net   : Gray_Code_Counter_R.R_adr_gray_0_0_sqmuxa_1_d_i        |
|        |         | Driver: Gray_Code_Counter_R/p_R_logic_s.un9_r_adr_gray_RNID6FS |
| 18     | INT_NET | Net   : strtup_cnt_r_Z[1]                                      |
|        |         | Driver: strtup_cnt_r[1]                                        |
| 18     | INT_NET | Net   : strtup_cnt_w_Z[1]                                      |
|        |         | Driver: strtup_cnt_w[1]                                        |
| 16     | INT_NET | Net   : strtup_cnt_w_Z[0]                                      |
|        |         | Driver: strtup_cnt_w[0]                                        |
| 11     | INT_NET | Net   : w_wen6                                                 |
|        |         | Driver: p_W_logic_c.un25_w_adr_gray_NE                         |
| 11     | INT_NET | Net   : R_EN_ibuf_RNIDFVT_0_Z                                  |
|        |         | Driver: R_EN_ibuf_RNIDFVT_0                                    |
| 11     | INT_NET | Net   : R_EN_ibuf_RNIDFVT_Z                                    |
|        |         | Driver: R_EN_ibuf_RNIDFVT                                      |
| 11     | INT_NET | Net   : i6_mux_i                                               |
|        |         | Driver: strtup_cnt_w_RNIPQO01[2]                               |
+--------+---------+----------------------------------------------------------------+

